// Vitest Snapshot v1, https://vitest.dev/guide/snapshot.html

exports[`SearchForm > should render 1`] = `<SearchForm />`;
